Description:
  Numelorogical application

Usage:
  testhost [command] [options]

Options:
  --version       Show version information
  -?, -h, --help  Show help and usage information

Commands:
  birthStones  Command to get birth date resonance stones.
  lifePath     Command to get the 8 life path stones.

