The inclusion grid of Marc Luc Matthieu Jean Dubuisson Laforêt is : 
| 7 | 4 | 8 |
| 3 | 5 | 3 |
| 0 | 1 | 4 |
